SQLite db schema initialised successfully | path=C:\Users\corma\OneDrive\Desktop\Engineering\Dee website\backend\data\app.db
SQLite db schema initialised successfully | path=C:\Users\corma\OneDrive\Desktop\Engineering\Dee website\backend\data\app.db
SQLite db schema initialised successfully | path=C:\Users\corma\OneDrive\Desktop\Engineering\Dee website\backend\data\app.db
No user found with email=user@example.com
No user found with username=string
User created successfully | user_id=1
User retrieved successfully | email=user@example.com
No user found with email=user@examples.com
User retrieved successfully | username=string
No user found with email=user@examples.com
No user found with username=sting
User created successfully | user_id=2
SQLite db schema initialised successfully | path=C:\Users\corma\OneDrive\Desktop\Engineering\Dee website\backend\data\app.db
SQLite db schema initialised successfully | path=C:\Users\corma\OneDrive\Desktop\Engineering\Dee website\backend\data\app.db
SQLite db schema initialised successfully | path=C:\Users\corma\OneDrive\Desktop\Engineering\Dee website\backend\data\app.db
User retrieved successfully | email=user@example.com
User retrieved successfully | email=user@example.com
No user found with email=user1@example.com
No user found with username=string1
User created successfully | user_id=3
User retrieved successfully | email=user1@example.com
SQLite db schema initialised successfully | path=C:\Users\corma\OneDrive\Desktop\Engineering\Dee website\backend\data\app.db
SQLite db schema initialised successfully | path=C:\Users\corma\OneDrive\Desktop\Engineering\Dee website\backend\data\app.db
SQLite db schema initialised successfully | path=C:\Users\corma\OneDrive\Desktop\Engineering\Dee website\backend\data\app.db
User retrieved successfully | email=user@example.com
User retrieved successfully | email=user@example.com
User retrieved successfully | email=user1@example.com
No user found with email=user5@example.com
No user found with username=string5
User created successfully | user_id=4
User retrieved successfully | email=user5@example.com
SQLite db schema initialised successfully | path=C:\Users\corma\OneDrive\Desktop\Engineering\Dee website\backend\data\app.db
User retrieved successfully | email=user5@example.com
Session created successfully | session_id=1
SQLite db schema initialised successfully | path=C:\Users\corma\OneDrive\Desktop\Engineering\Dee website\backend\data\app.db
User retrieved successfully | email=user5@example.com
Session created successfully | session_id=2
Session retrieved successfully | token_hash=6c4c43484a182e18ebeb167ee0d7a85a796dce642cc04aa4309675687d031afa
User retrieved successfully | user_id=4
Session retrieved successfully | token_hash=6c4c43484a182e18ebeb167ee0d7a85a796dce642cc04aa4309675687d031afa
User retrieved successfully | user_id=4
SQLite db schema initialised successfully | path=C:\Users\corma\OneDrive\Desktop\Engineering\Dee website\backend\data\app.db
SQLite db schema initialised successfully | path=C:\Users\corma\OneDrive\Desktop\Engineering\Dee website\backend\data\app.db
SQLite db schema initialised successfully | path=C:\Users\corma\OneDrive\Desktop\Engineering\Dee website\backend\data\app.db
SQLite db schema initialised successfully | path=C:\Users\corma\OneDrive\Desktop\Engineering\Dee website\backend\data\app.db
SQLite db schema initialised successfully | path=C:\Users\corma\OneDrive\Desktop\Engineering\Dee website\backend\data\app.db
SQLite db schema initialised successfully | path=C:\Users\corma\OneDrive\Desktop\Engineering\Dee website\backend\data\app.db
SQLite db schema initialised successfully | path=C:\Users\corma\OneDrive\Desktop\Engineering\Dee website\backend\data\app.db
SQLite db schema initialised successfully | path=C:\Users\corma\OneDrive\Desktop\Engineering\Dee website\backend\data\app.db
SQLite db schema initialised successfully | path=C:\Users\corma\OneDrive\Desktop\Engineering\Dee website\backend\data\app.db
SQLite db schema initialised successfully | path=C:\Users\corma\OneDrive\Desktop\Engineering\Dee website\backend\data\app.db
SQLite db schema initialised successfully | path=C:\Users\corma\OneDrive\Desktop\Engineering\Dee website\backend\data\app.db
SQLite db schema initialised successfully | path=C:\Users\corma\OneDrive\Desktop\Engineering\Dee website\backend\data\app.db
SQLite db schema initialised successfully | path=C:\Users\corma\OneDrive\Desktop\Engineering\Dee website\backend\data\app.db
SQLite db schema initialised successfully | path=C:\Users\corma\OneDrive\Desktop\Engineering\Dee website\backend\data\app.db
SQLite db schema initialised successfully | path=C:\Users\corma\OneDrive\Desktop\Engineering\Dee website\backend\data\app.db
User retrieved successfully | user_id=4
SQLite db schema initialised successfully | path=C:\Users\corma\OneDrive\Desktop\Engineering\Dee website\backend\data\app.db
SQLite db schema initialised successfully | path=C:\Users\corma\OneDrive\Desktop\Engineering\Dee website\backend\data\app.db
SQLite db schema initialised successfully | path=C:\Users\corma\OneDrive\Desktop\Engineering\Dee website\backend\data\app.db
SQLite db schema initialised successfully | path=C:\Users\corma\OneDrive\Desktop\Engineering\Dee website\backend\data\app.db
SQLite db schema initialised successfully | path=C:\Users\corma\OneDrive\Desktop\Engineering\Dee website\backend\data\app.db
SQLite db schema initialised successfully | path=C:\Users\corma\OneDrive\Desktop\Engineering\Dee website\backend\data\app.db
SQLite db schema initialised successfully | path=C:\Users\corma\OneDrive\Desktop\Engineering\Dee website\backend\data\app.db
SQLite db schema initialised successfully | path=C:\Users\corma\OneDrive\Desktop\Engineering\Dee website\backend\data\app.db
SQLite db schema initialised successfully | path=C:\Users\corma\OneDrive\Desktop\Engineering\Dee website\backend\data\app.db
SQLite db schema initialised successfully | path=C:\Users\corma\OneDrive\Desktop\Engineering\Dee website\backend\data\app.db
SQLite db schema initialised successfully | path=C:\Users\corma\OneDrive\Desktop\Engineering\Dee website\backend\data\app.db
SQLite db schema initialised successfully | path=C:\Users\corma\OneDrive\Desktop\Engineering\Dee website\backend\data\app.db
SQLite db schema initialised successfully | path=C:\Users\corma\OneDrive\Desktop\Engineering\Dee website\backend\data\app.db
SQLite db schema initialised successfully | path=C:\Users\corma\OneDrive\Desktop\Engineering\Dee website\backend\data\app.db
SQLite db schema initialised successfully | path=C:\Users\corma\OneDrive\Desktop\Engineering\Dee website\backend\data\app.db
SQLite db schema initialised successfully | path=C:\Users\corma\OneDrive\Desktop\Engineering\Dee website\backend\data\app.db
SQLite db schema initialised successfully | path=C:\Users\corma\OneDrive\Desktop\Engineering\Dee website\backend\data\app.db
SQLite db schema initialised successfully | path=C:\Users\corma\OneDrive\Desktop\Engineering\Dee website\backend\data\app.db
No user found with email=cormac@example.com
No user found with username=cormac
User created successfully | user_id=5
User retrieved successfully | email=cormac@example.com
Session created successfully | session_id=3
User retrieved successfully | email=cormac@example.com
Session created successfully | session_id=4
User retrieved successfully | user_id=5
User retrieved successfully | email=cormac@example.com
Session created successfully | session_id=5
SQLite db schema initialised successfully | path=C:\Users\corma\OneDrive\Desktop\Engineering\Dee website\backend\data\app.db
User retrieved successfully | user_id=5
No review found with user_id=5
Review created successfully | review_id=1
No user found with email=tester@example.com
No user found with username=tester
User created successfully | user_id=6
User retrieved successfully | email=tester@example.com
Session created successfully | session_id=6
User retrieved successfully | user_id=6
User retrieved successfully | user_id=6
No review found with user_id=6
Review created successfully | review_id=2
User retrieved successfully | user_id=6
Review retrieved successfully | review_id=2
Review updated successfully | review_id=2
User retrieved successfully | user_id=6
Review retrieved successfully | review_id=2
Review updated successfully | review_id=2
User retrieved successfully | user_id=6
Review retrieved successfully | review_id=2
Review deleted successfully | review_id=2
User retrieved successfully | user_id=6
No review found with review_id=2
User retrieved successfully | user_id=6
Review retrieved successfully | review_id=1
User retrieved successfully | user_id=6
No review found with user_id=6
Review created successfully | review_id=3
